// Jest Snapshot v1, https://goo.gl/fbAQLP

exports[`<Info /> should match snapshot 1`] = `
<div>
  <div
    class="Info"
  >
    <div
      class="Info-content"
    >
      <h1>
        –†–∏–º—Å–∫–∏–π –ü–∏–Ω–æ–∫–∫–∏–æ
      </h1>
      <h2>
        üáÆüáπ –ò—Ç–∞–ª–∏—è, –†–∏–º
      </h2>
      <article>
        <ul>
           
          <li>
            <strong>
              –ü–∏–Ω–æ–∫–∫–∏–æ I
            </strong>
          </li>
           
          <li>
            <a
              href="?display=pinocchio-second"
            >
              –ü–∏–Ω–æ–∫–∫–∏–æ II
            </a>
          </li>
           
          <li>
            <a
              href="?display=pinocchio-third"
            >
              –ü–∏–Ω–æ–∫–∫–∏–æ III
            </a>
          </li>
           
        </ul>
          
        <p>
          Roma, –†–∏–º. –ù–∞ –∫–æ–Ω—Ü–µ –∫–∞—Ä–∞–Ω–¥–∞—â–∞ —Å–∏–¥–∏—Ç –¥–µ—Ä–µ–≤—è–Ω–Ω—ã–π –ø–∏–Ω–æ–∫–∫–∏–æ, —Ä—É–∫–∏ –∏ –Ω–æ–≥–∏ –±–æ–ª—Ç–∞—é—Ç—Å—è –Ω–∞ –≤–µ—Ä–µ–≤–æ—á–∫–∞—Ö, –∞ –∏–∑ –∫–æ–ª–ø–∞–∫–∞ —Ç–æ—Ä—á–∏—Ç –ø–µ—Ç–ª—è –∏–∑ —Ä–µ–∑–∏–Ω–∫–∏, —á—Ç–æ–±—ã –ø–æ–¥–≤–µ—Å–∏—Ç—å –µ–≥–æ –∫—É–¥–∞-–Ω–∏–±—É–¥—å. –ï—â–µ —É –Ω–µ–≥–æ –µ—Å—Ç—å –¥–≤–∞ –±—Ä–∞—Ç–∞-–±–¥–∏–∑–Ω–µ—Ü–∞.
        </p>
         
      </article>
      <p>
        <b>
          3 —Ñ–æ—Ç–æ
        </b>
      </p>
    </div>
    <div
      class="Info-frame"
    >
      <img
        alt="–†–∏–º—Å–∫–∏–π –ü–∏–Ω–æ–∫–∫–∏–æ"
        class="Info-photo"
        src="https://romanyanke.github.io/pencilbox-static/pencil/roma/gallery/roma-1.jpg"
      />
    </div>
    <div
      class="Info-frame"
    >
      <img
        alt="–†–∏–º—Å–∫–∏–π –ü–∏–Ω–æ–∫–∫–∏–æ"
        class="Info-photo"
        src="https://romanyanke.github.io/pencilbox-static/pencil/roma/gallery/roma-2.jpg"
      />
    </div>
    <div
      class="Info-frame"
    >
      <img
        alt="–†–∏–º—Å–∫–∏–π –ü–∏–Ω–æ–∫–∫–∏–æ"
        class="Info-photo"
        src="https://romanyanke.github.io/pencilbox-static/pencil/roma/gallery/roma-3.jpg"
      />
    </div>
    <div
      class="Info-content"
    >
      <article
        class="Info-tags"
      >
        üè∑
        <a
          class="Info-tag"
          href="?tag=%D0%B3%D0%BE%D1%81%D1%83%D0%B4%D0%B0%D1%80%D1%81%D1%82%D0%B2%D0%B5%D0%BD%D0%BD%D1%8B%D0%B9"
        >
          –≥–æ—Å—É–¥–∞—Ä—Å—Ç–≤–µ–Ω–Ω—ã–π
        </a>
        <a
          class="Info-tag"
          href="?tag=%D0%B3%D0%BE%D1%80%D0%BE%D0%B4"
        >
          –≥–æ—Ä–æ–¥
        </a>
        <a
          class="Info-tag"
          href="?tag=%D1%87%D0%B5%D0%BB%D0%BE%D0%B2%D0%B5%D0%BA"
        >
          —á–µ–ª–æ–≤–µ–∫
        </a>
        <a
          class="Info-tag"
          href="?tag=%D1%81%20%D0%B8%D0%B3%D1%80%D1%83%D1%88%D0%BA%D0%BE%D0%B9"
        >
          —Å –∏–≥—Ä—É—à–∫–æ–π
        </a>
        <a
          class="Info-tag"
          href="?tag=%D0%BA%D1%80%D1%83%D0%B3%D0%BB%D1%8B%D0%B9"
        >
          –∫—Ä—É–≥–ª—ã–π
        </a>
        <a
          class="Info-tag"
          href="?tag=%D0%B1%D0%B5%D0%B7%20%D1%80%D0%B5%D0%B7%D0%B8%D0%BD%D0%BA%D0%B8"
        >
          –±–µ–∑ —Ä–µ–∑–∏–Ω–∫–∏
        </a>
        <a
          class="Info-tag"
          href="?tag=%D0%BD%D0%BE%D0%B2%D1%8B%D0%B9"
        >
          –Ω–æ–≤—ã–π
        </a>
        <a
          class="Info-tag"
          href="?tag=%D1%82%D1%83%D0%BF%D0%BE%D0%B9"
        >
          —Ç—É–ø–æ–π
        </a>
      </article>
    </div>
  </div>
</div>
`;
